LIBBPFTUNE_0.1.1 {
	global:
		bpftune_log_level;
		bpftune_log_stderr;
		bpftune_log_syslog;
		bpftune_log;
		bpftune_set_log;
		bpftune_set_bpf_log;
		bpftune_log_bpf_err;
		bpftune_cap_add;
		bpftune_cap_drop;
		bpftune_set_learning_rate;
		bpftune_learning_rate;
		bpftune_cgroup_init;
		bpftune_cgroup_name;
		bpftune_cgroup_fd;
		bpftune_cgroup_fini;
		bpftuner_cgroup_attach;
		bpftuner_cgroup_detach;
		bpftune_tuner;
		bpftune_tuner_num;
		bpftune_bpf_support;
		bpftuner_init;
		bpftune_force_bpf_support;
		__bpftuner_bpf_load;
		__bpftuner_bpf_attach;
		bpftuner_tunables_init;
		bpftuner_tunable;
		bpftuner_num_tunables;
		bpftuner_tunable_sysctl_write;
		bpftuner_tunable_update;
		bpftuner_fini;
		bpftuner_bpf_fini;
		bpftuner_bpf_set_autoload;
		bpftuner_bpf_prog_in_strategy;
		bpftuner_tunables_fini;
		bpftune_netns_cookie_supported;
		bpftuner_netns_init;
		bpftuner_netns_fini;
		bpftuner_netns_from_cookie;
		bpftuner_netns_fd_from_cookie;
	        bpftuner_ring_buffer_map_fd;
		bpftuner_strategy_set;
		bpftuner_strategies_add;
		bpftuner_rollback_set;
		bpftune_ring_buffer_init;
		bpftune_ring_buffer_poll;
		bpftune_ring_buffer_fini;
		bpftune_sysctl_name_to_path;
		bpftune_sysctl_read;
		bpftune_sysctl_write;
		bpftune_netns_init_all;
		bpftune_netns_set;
		bpftune_netns_info;
		bpftune_module_load;
		bpftune_module_unload;
	local:
		*;
};
